<!DOCTYPE html PUBLIC "-//W3C//DTD XHTML 1.0 Transitional//EN" "http://www.w3.org/TR/xhtml1/DTD/xhtml1-transitional.dtd"><html xmlns="http://www.w3.org/1999/xhtml"><head><link rel="stylesheet" type="text/css" href="style.css" /><script type="text/javascript" src="highlight.js"></script></head><body><pre><span class="hs-keyword">module</span><span> </span><span class="hs-identifier">Hedgehog.Extras.Test.Golden</span><span>
</span><span id="line-2"></span><span>  </span><span class="hs-special">(</span><span> </span><span class="annot"><a href="Hedgehog.Extras.Test.Golden.html#diffVsGoldenFile"><span class="hs-identifier">diffVsGoldenFile</span></a></span><span class="hs-special">,</span><span>
</span><span id="line-3"></span><span>    </span><span class="annot"><a href="Hedgehog.Extras.Test.Golden.html#diffFileVsGoldenFile"><span class="hs-identifier">diffFileVsGoldenFile</span></a></span><span class="hs-special">,</span><span>
</span><span id="line-4"></span><span>  </span><span class="hs-special">)</span><span> </span><span class="hs-keyword">where</span><span>
</span><span id="line-5"></span><span>
</span><span id="line-6"></span><span class="hs-keyword">import</span><span>           </span><span class="annot"><a href="../file:///usr/local/.ghcup/ghc/9.2.5/share/doc/ghc-9.2.5/html/libraries/base-4.16.4.0/src"><span class="hs-identifier">Control.Applicative</span></a></span><span>
</span><span id="line-7"></span><span class="hs-keyword">import</span><span>           </span><span class="annot"><a href="../file:///usr/local/.ghcup/ghc/9.2.5/share/doc/ghc-9.2.5/html/libraries/base-4.16.4.0/src"><span class="hs-identifier">Control.Monad</span></a></span><span>
</span><span id="line-8"></span><span class="hs-keyword">import</span><span>           </span><span class="annot"><a href="../file:///usr/local/.ghcup/ghc/9.2.5/share/doc/ghc-9.2.5/html/libraries/base-4.16.4.0/src"><span class="hs-identifier">Control.Monad.IO.Class</span></a></span><span> </span><span class="hs-special">(</span><span class="annot"><a href="../file:///usr/local/.ghcup/ghc/9.2.5/share/doc/ghc-9.2.5/html/libraries/base-4.16.4.0/src"><span class="hs-identifier">MonadIO</span></a></span><span> </span><span class="hs-special">(</span><span class="annot"><a href="../file:///usr/local/.ghcup/ghc/9.2.5/share/doc/ghc-9.2.5/html/libraries/base-4.16.4.0/src"><span class="hs-identifier">liftIO</span></a></span><span class="hs-special">)</span><span class="hs-special">)</span><span>
</span><span id="line-9"></span><span class="hs-keyword">import</span><span>           </span><span class="annot"><span class="hs-identifier">Data.Algorithm.Diff</span></span><span> </span><span class="hs-special">(</span><span class="annot"><span class="hs-identifier">PolyDiff</span></span><span> </span><span class="hs-special">(</span><span class="annot"><span class="hs-identifier">Both</span></span><span class="hs-special">)</span><span class="hs-special">,</span><span> </span><span class="annot"><span class="hs-identifier">getGroupedDiff</span></span><span class="hs-special">)</span><span>
</span><span id="line-10"></span><span class="hs-keyword">import</span><span>           </span><span class="annot"><span class="hs-identifier">Data.Algorithm.DiffOutput</span></span><span> </span><span class="hs-special">(</span><span class="annot"><span class="hs-identifier">ppDiff</span></span><span class="hs-special">)</span><span>
</span><span id="line-11"></span><span class="hs-keyword">import</span><span>           </span><span class="annot"><a href="../file:///usr/local/.ghcup/ghc/9.2.5/share/doc/ghc-9.2.5/html/libraries/base-4.16.4.0/src"><span class="hs-identifier">Data.Bool</span></a></span><span>
</span><span id="line-12"></span><span class="hs-keyword">import</span><span>           </span><span class="annot"><a href="../file:///usr/local/.ghcup/ghc/9.2.5/share/doc/ghc-9.2.5/html/libraries/base-4.16.4.0/src"><span class="hs-identifier">Data.Eq</span></a></span><span>
</span><span id="line-13"></span><span class="hs-keyword">import</span><span>           </span><span class="annot"><a href="../file:///usr/local/.ghcup/ghc/9.2.5/share/doc/ghc-9.2.5/html/libraries/base-4.16.4.0/src"><span class="hs-identifier">Data.Function</span></a></span><span>
</span><span id="line-14"></span><span class="hs-keyword">import</span><span>           </span><span class="annot"><a href="../file:///usr/local/.ghcup/ghc/9.2.5/share/doc/ghc-9.2.5/html/libraries/base-4.16.4.0/src"><span class="hs-identifier">Data.Maybe</span></a></span><span>
</span><span id="line-15"></span><span class="hs-keyword">import</span><span>           </span><span class="annot"><a href="../file:///usr/local/.ghcup/ghc/9.2.5/share/doc/ghc-9.2.5/html/libraries/base-4.16.4.0/src"><span class="hs-identifier">Data.Monoid</span></a></span><span>
</span><span id="line-16"></span><span class="hs-keyword">import</span><span>           </span><span class="annot"><a href="../file:///usr/local/.ghcup/ghc/9.2.5/share/doc/ghc-9.2.5/html/libraries/base-4.16.4.0/src"><span class="hs-identifier">Data.String</span></a></span><span>
</span><span id="line-17"></span><span class="hs-keyword">import</span><span>           </span><span class="annot"><a href="../file:///usr/local/.ghcup/ghc/9.2.5/share/doc/ghc-9.2.5/html/libraries/base-4.16.4.0/src"><span class="hs-identifier">GHC.Stack</span></a></span><span> </span><span class="hs-special">(</span><span class="annot"><a href="../file:///usr/local/.ghcup/ghc/9.2.5/share/doc/ghc-9.2.5/html/libraries/base-4.16.4.0/src"><span class="hs-identifier">HasCallStack</span></a></span><span class="hs-special">,</span><span> </span><span class="annot"><a href="../file:///usr/local/.ghcup/ghc/9.2.5/share/doc/ghc-9.2.5/html/libraries/base-4.16.4.0/src"><span class="hs-identifier">callStack</span></a></span><span class="hs-special">)</span><span>
</span><span id="line-18"></span><span class="hs-keyword">import</span><span>           </span><span class="annot"><span class="hs-identifier">Hedgehog</span></span><span> </span><span class="hs-special">(</span><span class="annot"><span class="hs-identifier">MonadTest</span></span><span class="hs-special">)</span><span>
</span><span id="line-19"></span><span class="hs-keyword">import</span><span>           </span><span class="annot"><a href="Hedgehog.Extras.Test.Base.html"><span class="hs-identifier">Hedgehog.Extras.Test.Base</span></a></span><span> </span><span class="hs-special">(</span><span class="annot"><a href="Hedgehog.Extras.Test.Base.html#failMessage"><span class="hs-identifier">failMessage</span></a></span><span class="hs-special">)</span><span>
</span><span id="line-20"></span><span class="hs-keyword">import</span><span>           </span><span class="annot"><a href="../file:///usr/local/.ghcup/ghc/9.2.5/share/doc/ghc-9.2.5/html/libraries/filepath-1.4.2.2/src"><span class="hs-identifier">System.FilePath</span></a></span><span> </span><span class="hs-special">(</span><span class="annot"><a href="../file:///usr/local/.ghcup/ghc/9.2.5/share/doc/ghc-9.2.5/html/libraries/filepath-1.4.2.2/src"><span class="hs-identifier">takeDirectory</span></a></span><span class="hs-special">)</span><span>
</span><span id="line-21"></span><span class="hs-keyword">import</span><span>           </span><span class="annot"><a href="../file:///usr/local/.ghcup/ghc/9.2.5/share/doc/ghc-9.2.5/html/libraries/base-4.16.4.0/src"><span class="hs-identifier">System.IO</span></a></span><span> </span><span class="hs-special">(</span><span class="annot"><a href="../file:///usr/local/.ghcup/ghc/9.2.5/share/doc/ghc-9.2.5/html/libraries/base-4.16.4.0/src"><span class="hs-identifier">FilePath</span></a></span><span class="hs-special">)</span><span>
</span><span id="line-22"></span><span>
</span><span id="line-23"></span><span class="hs-keyword">import</span><span> </span><span class="hs-keyword">qualified</span><span> </span><span class="annot"><a href="../file:///usr/local/.ghcup/ghc/9.2.5/share/doc/ghc-9.2.5/html/libraries/base-4.16.4.0/src"><span class="hs-identifier">Data.List</span></a></span><span> </span><span class="hs-keyword">as</span><span> </span><span class="annot"><span class="hs-identifier">List</span></span><span>
</span><span id="line-24"></span><span class="hs-keyword">import</span><span> </span><span class="hs-keyword">qualified</span><span> </span><span class="annot"><a href="../file:///usr/local/.ghcup/ghc/9.2.5/share/doc/ghc-9.2.5/html/libraries/base-4.16.4.0/src"><span class="hs-identifier">GHC.Stack</span></a></span><span> </span><span class="hs-keyword">as</span><span> </span><span class="annot"><span class="hs-identifier">GHC</span></span><span>
</span><span id="line-25"></span><span class="hs-keyword">import</span><span> </span><span class="hs-keyword">qualified</span><span> </span><span class="annot"><a href="Hedgehog.Extras.Test.html"><span class="hs-identifier">Hedgehog.Extras.Test</span></a></span><span> </span><span class="hs-keyword">as</span><span> </span><span class="annot"><span class="hs-identifier">H</span></span><span>
</span><span id="line-26"></span><span class="hs-keyword">import</span><span> </span><span class="hs-keyword">qualified</span><span> </span><span class="annot"><span class="hs-identifier">Hedgehog.Internal.Property</span></span><span> </span><span class="hs-keyword">as</span><span> </span><span class="annot"><span class="hs-identifier">H</span></span><span>
</span><span id="line-27"></span><span class="hs-keyword">import</span><span> </span><span class="hs-keyword">qualified</span><span> </span><span class="annot"><a href="../file:///usr/local/.ghcup/ghc/9.2.5/share/doc/ghc-9.2.5/html/libraries/directory-1.3.6.2/src"><span class="hs-identifier">System.Directory</span></a></span><span> </span><span class="hs-keyword">as</span><span> </span><span class="annot"><span class="hs-identifier">IO</span></span><span>
</span><span id="line-28"></span><span class="hs-keyword">import</span><span> </span><span class="hs-keyword">qualified</span><span> </span><span class="annot"><a href="../file:///usr/local/.ghcup/ghc/9.2.5/share/doc/ghc-9.2.5/html/libraries/base-4.16.4.0/src"><span class="hs-identifier">System.Environment</span></a></span><span> </span><span class="hs-keyword">as</span><span> </span><span class="annot"><span class="hs-identifier">IO</span></span><span>
</span><span id="line-29"></span><span class="hs-keyword">import</span><span> </span><span class="hs-keyword">qualified</span><span> </span><span class="annot"><a href="../file:///usr/local/.ghcup/ghc/9.2.5/share/doc/ghc-9.2.5/html/libraries/base-4.16.4.0/src"><span class="hs-identifier">System.IO.Unsafe</span></a></span><span> </span><span class="hs-keyword">as</span><span> </span><span class="annot"><span class="hs-identifier">IO</span></span><span>
</span><span id="line-30"></span><span>
</span><span id="line-31"></span><span class="hs-comment">-- | Whether the test should create the golden files if the file does ont exist.</span><span>
</span><span id="line-32"></span><span class="annot"><a href="Hedgehog.Extras.Test.Golden.html#createFiles"><span class="hs-identifier hs-type">createFiles</span></a></span><span> </span><span class="hs-glyph">::</span><span> </span><span class="annot"><a href="../file:///usr/local/.ghcup/ghc/9.2.5/share/doc/ghc-9.2.5/html/libraries/ghc-prim-0.8.0/src"><span class="hs-identifier hs-type">Bool</span></a></span><span>
</span><span id="line-33"></span><span id="createFiles"><span class="annot"><span class="annottext">createFiles :: Bool
</span><a href="Hedgehog.Extras.Test.Golden.html#createFiles"><span class="hs-identifier hs-var hs-var">createFiles</span></a></span></span><span> </span><span class="hs-glyph">=</span><span> </span><span class="annot"><span class="annottext">forall a. IO a -&gt; a
</span><a href="../file:///usr/local/.ghcup/ghc/9.2.5/share/doc/ghc-9.2.5/html/libraries/base-4.16.4.0/src"><span class="hs-identifier hs-var">IO.unsafePerformIO</span></a></span><span> </span><span class="annot"><span class="annottext">forall a b. (a -&gt; b) -&gt; a -&gt; b
</span><a href="../file:///usr/local/.ghcup/ghc/9.2.5/share/doc/ghc-9.2.5/html/libraries/base-4.16.4.0/src"><span class="hs-operator hs-var">$</span></a></span><span> </span><span class="hs-keyword">do</span><span>
</span><span id="line-34"></span><span>  </span><span id="local-6989586621679120482"><span class="annot"><span class="annottext">Maybe String
</span><a href="#local-6989586621679120482"><span class="hs-identifier hs-var">value</span></a></span></span><span> </span><span class="hs-glyph">&lt;-</span><span> </span><span class="annot"><span class="annottext">String -&gt; IO (Maybe String)
</span><a href="../file:///usr/local/.ghcup/ghc/9.2.5/share/doc/ghc-9.2.5/html/libraries/base-4.16.4.0/src"><span class="hs-identifier hs-var">IO.lookupEnv</span></a></span><span> </span><span class="annot"><span class="annottext">String
</span><span class="hs-string">&quot;CREATE_GOLDEN_FILES&quot;</span></span><span>
</span><span id="line-35"></span><span>  </span><span class="annot"><span class="annottext">forall (m :: * -&gt; *) a. Monad m =&gt; a -&gt; m a
</span><a href="../file:///usr/local/.ghcup/ghc/9.2.5/share/doc/ghc-9.2.5/html/libraries/base-4.16.4.0/src"><span class="hs-identifier hs-var">return</span></a></span><span> </span><span class="annot"><span class="annottext">forall a b. (a -&gt; b) -&gt; a -&gt; b
</span><a href="../file:///usr/local/.ghcup/ghc/9.2.5/share/doc/ghc-9.2.5/html/libraries/base-4.16.4.0/src"><span class="hs-operator hs-var">$</span></a></span><span> </span><span class="annot"><span class="annottext">Maybe String
</span><a href="#local-6989586621679120482"><span class="hs-identifier hs-var">value</span></a></span><span> </span><span class="annot"><span class="annottext">forall a. Eq a =&gt; a -&gt; a -&gt; Bool
</span><a href="../file:///usr/local/.ghcup/ghc/9.2.5/share/doc/ghc-9.2.5/html/libraries/ghc-prim-0.8.0/src"><span class="hs-operator hs-var">==</span></a></span><span> </span><span class="annot"><span class="annottext">forall a. a -&gt; Maybe a
</span><a href="../file:///usr/local/.ghcup/ghc/9.2.5/share/doc/ghc-9.2.5/html/libraries/base-4.16.4.0/src"><span class="hs-identifier hs-var">Just</span></a></span><span> </span><span class="annot"><span class="annottext">String
</span><span class="hs-string">&quot;1&quot;</span></span><span>
</span><span id="line-36"></span><span>
</span><span id="line-37"></span><span class="hs-comment">-- | Diff contents against the golden file.  If CREATE_GOLDEN_FILES environment is</span><span>
</span><span id="line-38"></span><span class="hs-comment">-- set to &quot;1&quot;, then should the gold file not exist it would be created.</span><span>
</span><span id="line-39"></span><span class="hs-comment">--</span><span>
</span><span id="line-40"></span><span class="hs-comment">-- Set the environment variable when you intend to generate or re-generate the golden</span><span>
</span><span id="line-41"></span><span class="hs-comment">-- file for example when running the test for the first time or if the golden file</span><span>
</span><span id="line-42"></span><span class="hs-comment">-- genuinely needs to change.</span><span>
</span><span id="line-43"></span><span class="hs-comment">--</span><span>
</span><span id="line-44"></span><span class="hs-comment">-- To re-generate a golden file you must also delete the golden file because golden</span><span>
</span><span id="line-45"></span><span class="hs-comment">-- files are never overwritten.</span><span>
</span><span id="line-46"></span><span class="hs-comment">--</span><span>
</span><span id="line-47"></span><span class="hs-comment">-- TODO: Improve the help output by saying the difference of</span><span>
</span><span id="line-48"></span><span class="hs-comment">-- each input.</span><span>
</span><span id="line-49"></span><span id="local-6989586621679120531"><span class="annot"><a href="Hedgehog.Extras.Test.Golden.html#diffVsGoldenFile"><span class="hs-identifier hs-type">diffVsGoldenFile</span></a></span><span>
</span><span id="line-50"></span><span>  </span><span class="hs-glyph">::</span><span> </span><span class="annot"><a href="../file:///usr/local/.ghcup/ghc/9.2.5/share/doc/ghc-9.2.5/html/libraries/base-4.16.4.0/src"><span class="hs-identifier hs-type">HasCallStack</span></a></span><span>
</span><span id="line-51"></span><span>  </span><span class="hs-glyph">=&gt;</span><span> </span><span class="hs-special">(</span><span class="annot"><a href="../file:///usr/local/.ghcup/ghc/9.2.5/share/doc/ghc-9.2.5/html/libraries/base-4.16.4.0/src"><span class="hs-identifier hs-type">MonadIO</span></a></span><span> </span><span class="annot"><a href="#local-6989586621679120531"><span class="hs-identifier hs-type">m</span></a></span><span class="hs-special">,</span><span> </span><span class="annot"><span class="hs-identifier hs-type">MonadTest</span></span><span> </span><span class="annot"><a href="#local-6989586621679120531"><span class="hs-identifier hs-type">m</span></a></span><span class="hs-special">)</span><span>
</span><span id="line-52"></span><span>  </span><span class="hs-glyph">=&gt;</span><span> </span><span class="annot"><a href="../file:///usr/local/.ghcup/ghc/9.2.5/share/doc/ghc-9.2.5/html/libraries/base-4.16.4.0/src"><span class="hs-identifier hs-type">String</span></a></span><span>   </span><span class="hs-comment">-- ^ Actual content</span><span>
</span><span id="line-53"></span><span>  </span><span class="hs-glyph">-&gt;</span><span> </span><span class="annot"><a href="../file:///usr/local/.ghcup/ghc/9.2.5/share/doc/ghc-9.2.5/html/libraries/base-4.16.4.0/src"><span class="hs-identifier hs-type">FilePath</span></a></span><span> </span><span class="hs-comment">-- ^ Reference file</span><span>
</span><span id="line-54"></span><span>  </span><span class="hs-glyph">-&gt;</span><span> </span><span class="annot"><a href="#local-6989586621679120531"><span class="hs-identifier hs-type">m</span></a></span><span> </span><span class="hs-special">(</span><span class="hs-special">)</span></span><span>
</span><span id="line-55"></span><span id="diffVsGoldenFile"><span class="annot"><span class="annottext">diffVsGoldenFile :: forall (m :: * -&gt; *).
(HasCallStack, MonadIO m, MonadTest m) =&gt;
String -&gt; String -&gt; m ()
</span><a href="Hedgehog.Extras.Test.Golden.html#diffVsGoldenFile"><span class="hs-identifier hs-var hs-var">diffVsGoldenFile</span></a></span></span><span> </span><span id="local-6989586621679120469"><span class="annot"><span class="annottext">String
</span><a href="#local-6989586621679120469"><span class="hs-identifier hs-var">actualContent</span></a></span></span><span> </span><span id="local-6989586621679120468"><span class="annot"><span class="annottext">String
</span><a href="#local-6989586621679120468"><span class="hs-identifier hs-var">referenceFile</span></a></span></span><span> </span><span class="hs-glyph">=</span><span> </span><span class="annot"><span class="annottext">forall a. HasCallStack =&gt; (HasCallStack =&gt; a) -&gt; a
</span><a href="../file:///usr/local/.ghcup/ghc/9.2.5/share/doc/ghc-9.2.5/html/libraries/base-4.16.4.0/src"><span class="hs-identifier hs-var">GHC.withFrozenCallStack</span></a></span><span> </span><span class="annot"><span class="annottext">forall a b. (a -&gt; b) -&gt; a -&gt; b
</span><a href="../file:///usr/local/.ghcup/ghc/9.2.5/share/doc/ghc-9.2.5/html/libraries/base-4.16.4.0/src"><span class="hs-operator hs-var">$</span></a></span><span> </span><span class="hs-keyword">do</span><span>
</span><span id="line-56"></span><span>  </span><span id="local-6989586621679120428"><span class="annot"><span class="annottext">Bool
</span><a href="#local-6989586621679120428"><span class="hs-identifier hs-var">fileExists</span></a></span></span><span> </span><span class="hs-glyph">&lt;-</span><span> </span><span class="annot"><span class="annottext">forall (m :: * -&gt; *) a. MonadIO m =&gt; IO a -&gt; m a
</span><a href="../file:///usr/local/.ghcup/ghc/9.2.5/share/doc/ghc-9.2.5/html/libraries/base-4.16.4.0/src"><span class="hs-identifier hs-var">liftIO</span></a></span><span> </span><span class="annot"><span class="annottext">forall a b. (a -&gt; b) -&gt; a -&gt; b
</span><a href="../file:///usr/local/.ghcup/ghc/9.2.5/share/doc/ghc-9.2.5/html/libraries/base-4.16.4.0/src"><span class="hs-operator hs-var">$</span></a></span><span> </span><span class="annot"><span class="annottext">String -&gt; IO Bool
</span><a href="../file:///usr/local/.ghcup/ghc/9.2.5/share/doc/ghc-9.2.5/html/libraries/directory-1.3.6.2/src"><span class="hs-identifier hs-var">IO.doesFileExist</span></a></span><span> </span><span class="annot"><span class="annottext">String
</span><a href="#local-6989586621679120468"><span class="hs-identifier hs-var">referenceFile</span></a></span><span>
</span><span id="line-57"></span><span>
</span><span id="line-58"></span><span>  </span><span class="hs-keyword">if</span><span> </span><span class="annot"><span class="annottext">Bool
</span><a href="#local-6989586621679120428"><span class="hs-identifier hs-var">fileExists</span></a></span><span>
</span><span id="line-59"></span><span>    </span><span class="hs-keyword">then</span><span> </span><span class="hs-keyword">do</span><span>
</span><span id="line-60"></span><span>      </span><span id="local-6989586621679120426"><span class="annot"><span class="annottext">[String]
</span><a href="#local-6989586621679120426"><span class="hs-identifier hs-var">referenceLines</span></a></span></span><span> </span><span class="hs-glyph">&lt;-</span><span> </span><span class="annot"><span class="annottext">String -&gt; [String]
</span><a href="../file:///usr/local/.ghcup/ghc/9.2.5/share/doc/ghc-9.2.5/html/libraries/base-4.16.4.0/src"><span class="hs-identifier hs-var">List.lines</span></a></span><span> </span><span class="annot"><span class="annottext">forall (f :: * -&gt; *) a b. Functor f =&gt; (a -&gt; b) -&gt; f a -&gt; f b
</span><a href="../file:///usr/local/.ghcup/ghc/9.2.5/share/doc/ghc-9.2.5/html/libraries/base-4.16.4.0/src"><span class="hs-operator hs-var">&lt;$&gt;</span></a></span><span> </span><span class="annot"><span class="annottext">forall (m :: * -&gt; *).
(MonadTest m, MonadIO m, HasCallStack) =&gt;
String -&gt; m String
</span><a href="Hedgehog.Extras.Test.File.html#readFile"><span class="hs-identifier hs-var">H.readFile</span></a></span><span> </span><span class="annot"><span class="annottext">String
</span><a href="#local-6989586621679120468"><span class="hs-identifier hs-var">referenceFile</span></a></span><span>
</span><span id="line-61"></span><span>      </span><span class="hs-keyword">let</span><span> </span><span id="local-6989586621679120420"><span class="annot"><span class="annottext">difference :: [Diff [String]]
</span><a href="#local-6989586621679120420"><span class="hs-identifier hs-var hs-var">difference</span></a></span></span><span> </span><span class="hs-glyph">=</span><span> </span><span class="annot"><span class="annottext">forall a. Eq a =&gt; [a] -&gt; [a] -&gt; [Diff [a]]
</span><span class="hs-identifier hs-var">getGroupedDiff</span></span><span> </span><span class="annot"><span class="annottext">[String]
</span><a href="#local-6989586621679120419"><span class="hs-identifier hs-var">actualLines</span></a></span><span> </span><span class="annot"><span class="annottext">[String]
</span><a href="#local-6989586621679120426"><span class="hs-identifier hs-var">referenceLines</span></a></span><span>
</span><span id="line-62"></span><span>      </span><span class="hs-keyword">case</span><span> </span><span class="annot"><span class="annottext">[Diff [String]]
</span><a href="#local-6989586621679120420"><span class="hs-identifier hs-var">difference</span></a></span><span> </span><span class="hs-keyword">of</span><span>
</span><span id="line-63"></span><span>        </span><span class="hs-special">[</span><span class="annot"><span class="hs-identifier hs-type">Both</span></span><span class="hs-special">{</span><span class="hs-special">}</span><span class="hs-special">]</span><span> </span><span class="hs-glyph">-&gt;</span><span> </span><span class="annot"><span class="annottext">forall (f :: * -&gt; *) a. Applicative f =&gt; a -&gt; f a
</span><a href="../file:///usr/local/.ghcup/ghc/9.2.5/share/doc/ghc-9.2.5/html/libraries/base-4.16.4.0/src"><span class="hs-identifier hs-var">pure</span></a></span><span> </span><span class="hs-special">(</span><span class="hs-special">)</span><span>
</span><span id="line-64"></span><span>        </span><span class="annot"><span class="annottext">[Diff [String]]
</span><span class="hs-identifier">_</span></span><span>        </span><span class="hs-glyph">-&gt;</span><span> </span><span class="annot"><span class="annottext">forall (m :: * -&gt; *) a. MonadTest m =&gt; CallStack -&gt; String -&gt; m a
</span><a href="Hedgehog.Extras.Test.Base.html#failMessage"><span class="hs-identifier hs-var">failMessage</span></a></span><span> </span><span class="annot"><span class="annottext">HasCallStack =&gt; CallStack
</span><a href="../file:///usr/local/.ghcup/ghc/9.2.5/share/doc/ghc-9.2.5/html/libraries/base-4.16.4.0/src"><span class="hs-identifier hs-var">callStack</span></a></span><span> </span><span class="annot"><span class="annottext">forall a b. (a -&gt; b) -&gt; a -&gt; b
</span><a href="../file:///usr/local/.ghcup/ghc/9.2.5/share/doc/ghc-9.2.5/html/libraries/base-4.16.4.0/src"><span class="hs-operator hs-var">$</span></a></span><span> </span><span class="annot"><span class="annottext">[Diff [String]] -&gt; String
</span><span class="hs-identifier hs-var">ppDiff</span></span><span> </span><span class="annot"><span class="annottext">[Diff [String]]
</span><a href="#local-6989586621679120420"><span class="hs-identifier hs-var">difference</span></a></span><span>
</span><span id="line-65"></span><span>    </span><span class="hs-keyword">else</span><span> </span><span class="hs-keyword">if</span><span> </span><span class="annot"><span class="annottext">Bool
</span><a href="Hedgehog.Extras.Test.Golden.html#createFiles"><span class="hs-identifier hs-var">createFiles</span></a></span><span>
</span><span id="line-66"></span><span>      </span><span class="hs-keyword">then</span><span> </span><span class="hs-keyword">do</span><span>
</span><span id="line-67"></span><span>        </span><span class="hs-comment">-- CREATE_GOLDEN_FILES is set, so we create any golden files that don't</span><span>
</span><span id="line-68"></span><span>        </span><span class="hs-comment">-- already exist.</span><span>
</span><span id="line-69"></span><span>        </span><span class="annot"><span class="annottext">forall (m :: * -&gt; *). (MonadTest m, HasCallStack) =&gt; String -&gt; m ()
</span><a href="Hedgehog.Extras.Test.Base.html#note_"><span class="hs-identifier hs-var">H.note_</span></a></span><span> </span><span class="annot"><span class="annottext">forall a b. (a -&gt; b) -&gt; a -&gt; b
</span><a href="../file:///usr/local/.ghcup/ghc/9.2.5/share/doc/ghc-9.2.5/html/libraries/base-4.16.4.0/src"><span class="hs-operator hs-var">$</span></a></span><span> </span><span class="annot"><span class="annottext">String
</span><span class="hs-string">&quot;Creating golden file &quot;</span></span><span> </span><span class="annot"><span class="annottext">forall a. Semigroup a =&gt; a -&gt; a -&gt; a
</span><a href="../file:///usr/local/.ghcup/ghc/9.2.5/share/doc/ghc-9.2.5/html/libraries/base-4.16.4.0/src"><span class="hs-operator hs-var">&lt;&gt;</span></a></span><span> </span><span class="annot"><span class="annottext">String
</span><a href="#local-6989586621679120468"><span class="hs-identifier hs-var">referenceFile</span></a></span><span>
</span><span id="line-70"></span><span>        </span><span class="annot"><span class="annottext">forall (m :: * -&gt; *).
(MonadTest m, MonadIO m, HasCallStack) =&gt;
String -&gt; m ()
</span><a href="Hedgehog.Extras.Test.File.html#createDirectoryIfMissing_"><span class="hs-identifier hs-var">H.createDirectoryIfMissing_</span></a></span><span> </span><span class="hs-special">(</span><span class="annot"><span class="annottext">String -&gt; String
</span><a href="../file:///usr/local/.ghcup/ghc/9.2.5/share/doc/ghc-9.2.5/html/libraries/filepath-1.4.2.2/src"><span class="hs-identifier hs-var">takeDirectory</span></a></span><span> </span><span class="annot"><span class="annottext">String
</span><a href="#local-6989586621679120468"><span class="hs-identifier hs-var">referenceFile</span></a></span><span class="hs-special">)</span><span>
</span><span id="line-71"></span><span>        </span><span class="annot"><span class="annottext">forall (m :: * -&gt; *).
(MonadTest m, MonadIO m, HasCallStack) =&gt;
String -&gt; String -&gt; m ()
</span><a href="Hedgehog.Extras.Test.File.html#writeFile"><span class="hs-identifier hs-var">H.writeFile</span></a></span><span> </span><span class="annot"><span class="annottext">String
</span><a href="#local-6989586621679120468"><span class="hs-identifier hs-var">referenceFile</span></a></span><span> </span><span class="annot"><span class="annottext">String
</span><a href="#local-6989586621679120469"><span class="hs-identifier hs-var">actualContent</span></a></span><span>
</span><span id="line-72"></span><span>      </span><span class="hs-keyword">else</span><span> </span><span class="hs-keyword">do</span><span>
</span><span id="line-73"></span><span>        </span><span class="annot"><span class="annottext">forall (m :: * -&gt; *). (MonadTest m, HasCallStack) =&gt; String -&gt; m ()
</span><a href="Hedgehog.Extras.Test.Base.html#note_"><span class="hs-identifier hs-var">H.note_</span></a></span><span> </span><span class="annot"><span class="annottext">forall a b. (a -&gt; b) -&gt; a -&gt; b
</span><a href="../file:///usr/local/.ghcup/ghc/9.2.5/share/doc/ghc-9.2.5/html/libraries/base-4.16.4.0/src"><span class="hs-operator hs-var">$</span></a></span><span> </span><span class="annot"><span class="annottext">forall a. Monoid a =&gt; [a] -&gt; a
</span><a href="../file:///usr/local/.ghcup/ghc/9.2.5/share/doc/ghc-9.2.5/html/libraries/base-4.16.4.0/src"><span class="hs-identifier hs-var">mconcat</span></a></span><span>
</span><span id="line-74"></span><span>          </span><span class="hs-special">[</span><span> </span><span class="annot"><span class="annottext">String
</span><span class="hs-string">&quot;Golden file &quot;</span></span><span> </span><span class="annot"><span class="annottext">forall a. Semigroup a =&gt; a -&gt; a -&gt; a
</span><a href="../file:///usr/local/.ghcup/ghc/9.2.5/share/doc/ghc-9.2.5/html/libraries/base-4.16.4.0/src"><span class="hs-operator hs-var">&lt;&gt;</span></a></span><span> </span><span class="annot"><span class="annottext">String
</span><a href="#local-6989586621679120468"><span class="hs-identifier hs-var">referenceFile</span></a></span><span>
</span><span id="line-75"></span><span>          </span><span class="hs-special">,</span><span> </span><span class="annot"><span class="annottext">String
</span><span class="hs-string">&quot; does not exist.  To create, run with CREATE_GOLDEN_FILES=1&quot;</span></span><span>
</span><span id="line-76"></span><span>          </span><span class="hs-special">]</span><span>
</span><span id="line-77"></span><span>        </span><span class="annot"><span class="annottext">forall (m :: * -&gt; *) a. (MonadTest m, HasCallStack) =&gt; m a
</span><span class="hs-identifier hs-var">H.failure</span></span><span>
</span><span id="line-78"></span><span>  </span><span class="hs-keyword">where</span><span>
</span><span id="line-79"></span><span>    </span><span id="local-6989586621679120419"><span class="annot"><span class="annottext">actualLines :: [String]
</span><a href="#local-6989586621679120419"><span class="hs-identifier hs-var hs-var">actualLines</span></a></span></span><span> </span><span class="hs-glyph">=</span><span> </span><span class="annot"><span class="annottext">String -&gt; [String]
</span><a href="../file:///usr/local/.ghcup/ghc/9.2.5/share/doc/ghc-9.2.5/html/libraries/base-4.16.4.0/src"><span class="hs-identifier hs-var">List.lines</span></a></span><span> </span><span class="annot"><span class="annottext">String
</span><a href="#local-6989586621679120469"><span class="hs-identifier hs-var">actualContent</span></a></span><span>
</span><span id="line-80"></span><span>
</span><span id="line-81"></span><span class="hs-comment">-- | Diff file against the golden file.  If CREATE_GOLDEN_FILES environment is</span><span>
</span><span id="line-82"></span><span class="hs-comment">-- set to &quot;1&quot;, then should the gold file not exist it would be created.</span><span>
</span><span id="line-83"></span><span class="hs-comment">--</span><span>
</span><span id="line-84"></span><span class="hs-comment">-- Set the environment variable when you intend to generate or re-generate the golden</span><span>
</span><span id="line-85"></span><span class="hs-comment">-- file for example when running the test for the first time or if the golden file</span><span>
</span><span id="line-86"></span><span class="hs-comment">-- genuinely needs to change.</span><span>
</span><span id="line-87"></span><span class="hs-comment">--</span><span>
</span><span id="line-88"></span><span class="hs-comment">-- To re-generate a golden file you must also delete the golden file because golden</span><span>
</span><span id="line-89"></span><span class="hs-comment">-- files are never overwritten.</span><span>
</span><span id="line-90"></span><span id="local-6989586621679120414"><span class="annot"><a href="Hedgehog.Extras.Test.Golden.html#diffFileVsGoldenFile"><span class="hs-identifier hs-type">diffFileVsGoldenFile</span></a></span><span>
</span><span id="line-91"></span><span>  </span><span class="hs-glyph">::</span><span> </span><span class="annot"><a href="../file:///usr/local/.ghcup/ghc/9.2.5/share/doc/ghc-9.2.5/html/libraries/base-4.16.4.0/src"><span class="hs-identifier hs-type">HasCallStack</span></a></span><span>
</span><span id="line-92"></span><span>  </span><span class="hs-glyph">=&gt;</span><span> </span><span class="hs-special">(</span><span class="annot"><a href="../file:///usr/local/.ghcup/ghc/9.2.5/share/doc/ghc-9.2.5/html/libraries/base-4.16.4.0/src"><span class="hs-identifier hs-type">MonadIO</span></a></span><span> </span><span class="annot"><a href="#local-6989586621679120414"><span class="hs-identifier hs-type">m</span></a></span><span class="hs-special">,</span><span> </span><span class="annot"><span class="hs-identifier hs-type">MonadTest</span></span><span> </span><span class="annot"><a href="#local-6989586621679120414"><span class="hs-identifier hs-type">m</span></a></span><span class="hs-special">)</span><span>
</span><span id="line-93"></span><span>  </span><span class="hs-glyph">=&gt;</span><span> </span><span class="annot"><a href="../file:///usr/local/.ghcup/ghc/9.2.5/share/doc/ghc-9.2.5/html/libraries/base-4.16.4.0/src"><span class="hs-identifier hs-type">FilePath</span></a></span><span> </span><span class="hs-comment">-- ^ Actual file</span><span>
</span><span id="line-94"></span><span>  </span><span class="hs-glyph">-&gt;</span><span> </span><span class="annot"><a href="../file:///usr/local/.ghcup/ghc/9.2.5/share/doc/ghc-9.2.5/html/libraries/base-4.16.4.0/src"><span class="hs-identifier hs-type">FilePath</span></a></span><span> </span><span class="hs-comment">-- ^ Reference file</span><span>
</span><span id="line-95"></span><span>  </span><span class="hs-glyph">-&gt;</span><span> </span><span class="annot"><a href="#local-6989586621679120414"><span class="hs-identifier hs-type">m</span></a></span><span> </span><span class="hs-special">(</span><span class="hs-special">)</span></span><span>
</span><span id="line-96"></span><span id="diffFileVsGoldenFile"><span class="annot"><span class="annottext">diffFileVsGoldenFile :: forall (m :: * -&gt; *).
(HasCallStack, MonadIO m, MonadTest m) =&gt;
String -&gt; String -&gt; m ()
</span><a href="Hedgehog.Extras.Test.Golden.html#diffFileVsGoldenFile"><span class="hs-identifier hs-var hs-var">diffFileVsGoldenFile</span></a></span></span><span> </span><span id="local-6989586621679120407"><span class="annot"><span class="annottext">String
</span><a href="#local-6989586621679120407"><span class="hs-identifier hs-var">actualFile</span></a></span></span><span> </span><span id="local-6989586621679120406"><span class="annot"><span class="annottext">String
</span><a href="#local-6989586621679120406"><span class="hs-identifier hs-var">referenceFile</span></a></span></span><span> </span><span class="hs-glyph">=</span><span> </span><span class="annot"><span class="annottext">forall a. HasCallStack =&gt; (HasCallStack =&gt; a) -&gt; a
</span><a href="../file:///usr/local/.ghcup/ghc/9.2.5/share/doc/ghc-9.2.5/html/libraries/base-4.16.4.0/src"><span class="hs-identifier hs-var">GHC.withFrozenCallStack</span></a></span><span> </span><span class="annot"><span class="annottext">forall a b. (a -&gt; b) -&gt; a -&gt; b
</span><a href="../file:///usr/local/.ghcup/ghc/9.2.5/share/doc/ghc-9.2.5/html/libraries/base-4.16.4.0/src"><span class="hs-operator hs-var">$</span></a></span><span> </span><span class="hs-keyword">do</span><span>
</span><span id="line-97"></span><span>  </span><span id="local-6989586621679120395"><span class="annot"><span class="annottext">String
</span><a href="#local-6989586621679120395"><span class="hs-identifier hs-var">contents</span></a></span></span><span> </span><span class="hs-glyph">&lt;-</span><span> </span><span class="annot"><span class="annottext">forall (m :: * -&gt; *).
(MonadTest m, MonadIO m, HasCallStack) =&gt;
String -&gt; m String
</span><a href="Hedgehog.Extras.Test.File.html#readFile"><span class="hs-identifier hs-var">H.readFile</span></a></span><span> </span><span class="annot"><span class="annottext">String
</span><a href="#local-6989586621679120407"><span class="hs-identifier hs-var">actualFile</span></a></span><span>
</span><span id="line-98"></span><span>  </span><span class="annot"><span class="annottext">forall (m :: * -&gt; *).
(HasCallStack, MonadIO m, MonadTest m) =&gt;
String -&gt; String -&gt; m ()
</span><a href="Hedgehog.Extras.Test.Golden.html#diffVsGoldenFile"><span class="hs-identifier hs-var">diffVsGoldenFile</span></a></span><span> </span><span class="annot"><span class="annottext">String
</span><a href="#local-6989586621679120395"><span class="hs-identifier hs-var">contents</span></a></span><span> </span><span class="annot"><span class="annottext">String
</span><a href="#local-6989586621679120406"><span class="hs-identifier hs-var">referenceFile</span></a></span><span>
</span><span id="line-99"></span></pre></body></html>